bash: warning: setlocale: LC_ALL: cannot change locale (en_US.UTF-8)
  ✔ ChainDescent                    3s  (swap 371MiB)
  ✔ ChainDescent.Spine              1s  (swap 371MiB)
  ✔ ChainDescent.CostModel          2s  (swap 371MiB)
  ✔ ChainDescent.CanonForm          1s  (swap 371MiB)
  ✔ ChainDescent.OrbitRecovery      2s  (swap 371MiB)
  ✔ ChainDescent.ClosureCalculus    1s  (swap 371MiB)
  ✔ ChainDescent.Saturation         2s  (swap 371MiB)
  ✔ ChainDescent.GaussCount         3s  (swap 371MiB)
  ✔ ChainDescent.CFI                2s  (swap 371MiB)
  ✔ ChainDescent.Scheme             2s  (swap 371MiB)
  ✔ ChainDescent.Separability       2s  (swap 371MiB)
  ✔ ChainDescent.CoherentConfig     1s  (swap 371MiB)
  ✔ ChainDescent.CascadeOracle      2s  (swap 371MiB)
  ✔ ChainDescent.LinearOracle       2s  (swap 371MiB)
  ✔ ChainDescent.Group              1s  (swap 371MiB)
  ✔ ChainDescent.Cascade            1s  (swap 371MiB)
  ✔ ChainDescent.Confinement        2s  (swap 371MiB)
  ✔ ChainDescent.Phase2Handoff      3s  (swap 371MiB)
  ✔ ChainDescent.CanonicalForm      2s  (swap 371MiB)
  ✔ ChainDescent.Descend            2s  (swap 371MiB)
  ✔ ChainDescent.Select             1s  (swap 371MiB)
  ✔ ChainDescent.CascadeAffine      2s  (swap 371MiB)
  ✔ ChainDescent.ClebschConcrete    3s  (swap 371MiB)
  ✔ ChainDescent.FormsGraphConcrete    2s  (swap 371MiB)
  ✔ ChainDescent.Matching           3s  (swap 371MiB)
  ✔ ChainDescent.PairForm           3s  (swap 371MiB)
  ✔ ChainDescent.PencilTBound       3s  (swap 371MiB)
  ✔ ChainDescent.PerAnchorBound     2s  (swap 371MiB)
  ✔ ChainDescent.BadAnchorCount     3s  (swap 371MiB)
  ✔ ChainDescent.Coordinatization    5s  (swap 371MiB)
  ✔ ChainDescent.GoodAnchorNonvacuity    3s  (swap 371MiB)
  ✔ ChainDescent.FieldGeneric       3s  (swap 371MiB)
  ✔ ChainDescent.IsotropicIncidenceCountK    3s  (swap 371MiB)
  ✔ ChainDescent.IsotropicIncidenceCount    3s  (swap 371MiB)
  ✔ ChainDescent.ProfileReduction    3s  (swap 371MiB)
  ✔ ChainDescent.ObservableCountBridge    3s  (swap 371MiB)
  ✔ ChainDescent.ObservableCountBridgeK    3s  (swap 371MiB)
  ✔ ChainDescent.AffinePolarSeal    3s  (swap 371MiB)
  ✔ ChainDescent.RouteCTransport    1s  (swap 371MiB)
  ✔ ChainDescent.ImprimitiveDischarge    3s  (swap 371MiB)
  ✔ ChainDescent.Refine             1s  (swap 371MiB)
  ✔ ChainDescent.Consume            3s  (swap 371MiB)
  ✔ ChainDescent.Force              2s  (swap 371MiB)
  ✔ ChainDescent.MatchSupply        2s  (swap 371MiB)
  ✔ ChainDescent.Composite          2s  (swap 371MiB)
  ✔ ChainDescent.Cost               2s  (swap 371MiB)
  ✔ ChainDescent.Stall              2s  (swap 371MiB)
  ✔ ChainDescent.Residue            1s  (swap 371MiB)
  ✔ ChainDescent.SealBridge         3s  (swap 371MiB)
  ✔ ChainDescent.SupplyTransport    2s  (swap 371MiB)
  ✔ ChainDescent.DeepMatchSupply    1s  (swap 371MiB)
  ✔ ChainDescent.OrbitPrune         2s  (swap 371MiB)
  ✔ ChainDescent.SealDepthBridge    2s  (swap 371MiB)
  ✔ ChainDescent.PrunedSupply       2s  (swap 371MiB)
  ✔ ChainDescent.TreePrune          2s  (swap 370MiB)
  ✔ ChainDescent.PartialMatch       2s  (swap 370MiB)
  ✔ ChainDescent.HandledBridge      3s  (swap 370MiB)
  ✔ ChainDescent.SupplyCost         2s  (swap 370MiB)
  ✔ ChainDescent.SelectNode         2s  (swap 370MiB)
  ✔ ChainDescent.RigidSeal          3s  (swap 370MiB)
  ✔ ChainDescent.ForcingCircuits    2s  (swap 370MiB)
  ✔ ChainDescent.RigidSolverInterface    2s  (swap 370MiB)
  ✔ ChainDescent.RigidSolverSound    2s  (swap 370MiB)
  ✔ ChainDescent.ForcingModel       2s  (swap 370MiB)
  ✔ ChainDescent.RigidSolveF2       2s  (swap 370MiB)
  ✔ ChainDescent.FoldSupply         2s  (swap 370MiB)
  ✔ ChainDescent.DeckSupply         2s  (swap 370MiB)
  ✔ ChainDescent.HolKey             3s  (swap 370MiB)
  ✔ ChainDescent.FoldFast           2s  (swap 370MiB)
  ✔ ChainDescent.Deck2              3s  (swap 370MiB)
  ✔ ChainDescent.KernelSupply       3s  (swap 370MiB)
  ✔ ChainDescent.KernelGauss        3s  (swap 370MiB)
  ✔ ChainDescent.KernelFlip         2s  (swap 370MiB)
  ✔ ChainDescent.KernelRef          2s  (swap 370MiB)
  ✔ ChainDescent.KernelTransport    3s  (swap 370MiB)
  ✔ ChainDescent.RigidRREF          2s  (swap 370MiB)
  ✔ ChainDescent.RigidFrame         2s  (swap 370MiB)
  ✔ ChainDescent.RigidGen           2s  (swap 370MiB)
  ✔ ChainDescent.RigidRefine        2s  (swap 370MiB)
  ✔ ChainDescent.DeepenSupply       2s  (swap 370MiB)
  ✔ ChainDescent.DeepenTransport    3s  (swap 370MiB)
  ✔ ChainDescent.DeepenCrux         2s  (swap 370MiB)
  ✔ ChainDescent.DeepenTinhofer     2s  (swap 370MiB)
  ✔ ChainDescent.DeepenCertified    4s  (swap 370MiB)
  ✔ ChainDescent.DeepenLocated      2s  (swap 370MiB)
  ✔ ChainDescent.DeepenKey          2s  (swap 370MiB)
  ✔ ChainDescent.CaoFibring         2s  (swap 370MiB)
  ✔ ChainDescent.CaoRound           2s  (swap 370MiB)
  ✔ ChainDescent.DeepenExact        3s  (swap 370MiB)
  ✔ ChainDescent.DeepenGuard        2s  (swap 370MiB)
  ✔ ChainDescent.KeyComplete        2s  (swap 370MiB)
  ✔ ChainDescent.ForcePick          2s  (swap 370MiB)
  ✔ ChainDescent.RecordCost         3s  (swap 370MiB)
  ✔ ChainDescent.RecordKey          2s  (swap 370MiB)
  ✔ ChainDescent.GaugeComplex       1s  (swap 370MiB)
  ✔ ChainDescent.GaugeBridge        2s  (swap 370MiB)
  ✔ ChainDescent.GaugeAbelian       2s  (swap 370MiB)
  ✔ ChainDescent.GaugeSolvable      1s  (swap 370MiB)
  ✔ ChainDescent.GaugeIsolation     3s  (swap 370MiB)
  ✔ ChainDescent.GaugeNonabelian    2s  (swap 370MiB)
  ✔ ChainDescent.GaugeLayer         2s  (swap 370MiB)
  ✔ ChainDescent.Regression         2s  (swap 370MiB)
  ✔ ChainDescent.Nullstellensatz    2s  (swap 370MiB)
  ✔ ChainDescent.NullstellensatzStructural    3s  (swap 370MiB)
  ✔ ChainDescent.NullstellensatzCount    2s  (swap 370MiB)
  ✔ ChainDescent.NullstellensatzHlink    3s  (swap 370MiB)
  ✔ ChainDescent.RouteCFormAdapters    3s  (swap 370MiB)
  ✔ ChainDescent.RouteCSeam         3s  (swap 370MiB)
  ✔ ChainDescent.RouteCNode4        2s  (swap 370MiB)
✔ serial build complete in 245s
