=== C2: does non-schurity survive one individualization under disjoint union? ===

=== Shrikhande (+) Shrikhande ===  n=32  |Aut(G)|=192  |Aut(G(+)G)| = 2*192^2 = 73728  (generators used: 385)
  1-WL root cells [32]  Aut-orbit sizes [32]
  ROOT : CAO(fibres=orbits) = True | full-schurian = False
  DEPTH 1 (individualize v=0 in copy A): |Aut_v| = 12*192 = 2304
         2-WL cells [1, 3, 6, 6, 16]
         Aut_v-orbit sizes [1, 3, 6, 6, 16]
         CAO(fibres=orbits) = True    full-schurian = False   <<<< NON-SCHURITY SURVIVED THE INDIVIDUALIZATION

=== rook4x4 (+) rook4x4 ===  n=32  |Aut(G)|=1152  |Aut(G(+)G)| = 2*1152^2 = 2654208  (generators used: 2305)
  1-WL root cells [32]  Aut-orbit sizes [32]
  ROOT : CAO(fibres=orbits) = True | full-schurian = True
  DEPTH 1 (individualize v=0 in copy A): |Aut_v| = 72*1152 = 82944
         2-WL cells [1, 6, 9, 16]
         Aut_v-orbit sizes [1, 6, 9, 16]
         CAO(fibres=orbits) = True    full-schurian = True

=== C1: shattering depth under k disjoint copies (2-WL descent to discreteness) ===
  Shrikhande x1: n= 16  individualizations to discreteness = 3   (0s)
  Shrikhande x2: n= 32  individualizations to discreteness = 6   (0s)
  Shrikhande x3: n= 48  individualizations to discreteness = 9   (1s)

=== Shrikhande, ROOT, n=16 ===
  2-WL classes 3 vs orbitals 4; fused classes: 1 merging [2] orbitals
    class 2: orbital sizes [48, 96], VALENCIES from one point [3, 6]

=== net(Z4), ROOT, n=28 ===
  2-WL classes 10 vs orbitals 14; fused classes: 4 merging [2, 2, 2, 2] orbitals
    class 1: orbital sizes [48, 96], VALENCIES from one point [3, 6]
    class 4: orbital sizes [48, 96], VALENCIES from one point [3, 6]
    class 6: orbital sizes [48, 96], VALENCIES from one point [4, 8]
    class 8: orbital sizes [12, 24], VALENCIES from one point [1, 2]

=== Chang-2, ROOT, n=28 ===
  2-WL classes 12 vs orbitals 14; fused classes: 2 merging [2, 2] orbitals
    class 1: orbital sizes [96, 96], VALENCIES from one point [4, 4]
    class 4: orbital sizes [96, 96], VALENCIES from one point [4, 4]

=== Shrikhande (+) Shrikhande, depth 1 (v=0 in copy A), n=32 ===
  fused 2-WL classes: 1  (class -> #orbitals merged: [2])
  WHERE the fused pairs live: {'BB': 144}
  (AA = both endpoints in the individualized copy, BB = both in the untouched copy)
  Aut_v-orbit sizes inside copy A (reached): [1, 3, 6]
  Aut_v-orbit sizes inside copy B (untouched): [16]   <- one orbit => fibres trivially = orbits, CAO cannot fail there
