PER-CELL orbit-count invariance at REACHED NODES (v1 measured the root only).
Stated as `cellNarrow_length_transport` is: fix χ, TRANSPORT it by σ, compare counts.
BFS depth 3, ≤3 members/node, 4 relabellings per node.
⚠ DeepenGuard's header records a CFI m=8 falsifier AT A NODE — if this probe is
  sensitive it should reproduce it; if it does not, say so rather than claim a pass.

### CFI over random cubic bases — where the recorded falsifier lives
  CFI cubic m=8 pl           n=56   nodes=22  non-vacuous=22  BRANCH-INV=Y  OFFBR-INV=N   <<<< OFF-BRANCH count varies
        first OFF-BRANCH failure at depth 1: (1, 1)  vs  (2,)
  CFI cubic m=8 tw           n=56   nodes=22  non-vacuous=22  BRANCH-INV=Y  OFFBR-INV=N   <<<< OFF-BRANCH count varies
        first OFF-BRANCH failure at depth 1: (2,)  vs  (1, 1)
  CFI cubic m=10 pl          n=70   nodes=22  non-vacuous=22  BRANCH-INV=Y  OFFBR-INV=N   <<<< OFF-BRANCH count varies
        first OFF-BRANCH failure at depth 1: (1, 1)  vs  (2,)
  CFI cubic m=10 tw          n=70   nodes=22  non-vacuous=22  BRANCH-INV=Y  OFFBR-INV=N   <<<< OFF-BRANCH count varies
        first OFF-BRANCH failure at depth 1: (1, 1)  vs  (2,)

### mixed / gauge
  MIXED multipede            n=30   nodes=10  non-vacuous=4   BRANCH-INV=Y  OFFBR-INV=Y
  circ(5) multipede          n=30   nodes=3   non-vacuous=3   BRANCH-INV=Y  OFFBR-INV=Y
  mp7 Fano multipede         n=42   nodes=13  non-vacuous=0   BRANCH-INV=Y  OFFBR-INV=Y   (no non-vacuous node — VACUOUS)

### rigid multipedes
  rand multipede V=6 W=5     n=34   nodes=1   non-vacuous=1   BRANCH-INV=Y  OFFBR-INV=Y
  rand multipede V=8 W=6     n=44   nodes=1   non-vacuous=0   BRANCH-INV=Y  OFFBR-INV=Y   (no non-vacuous node — VACUOUS)

### small structured / multi-cell
  G8 cubic non-VT            n=8    nodes=2   non-vacuous=0   BRANCH-INV=Y  OFFBR-INV=Y   (no non-vacuous node — VACUOUS)
  S(K5)                      n=15   nodes=13  non-vacuous=0   BRANCH-INV=Y  OFFBR-INV=Y   (no non-vacuous node — VACUOUS)
  S(Petersen)                n=25   nodes=13  non-vacuous=0   BRANCH-INV=Y  OFFBR-INV=Y   (no non-vacuous node — VACUOUS)
  S(cube Q3)                 n=20   nodes=4   non-vacuous=0   BRANCH-INV=Y  OFFBR-INV=Y   (no non-vacuous node — VACUOUS)
  C7 + K4                    n=11   nodes=28  non-vacuous=0   BRANCH-INV=Y  OFFBR-INV=Y   (no non-vacuous node — VACUOUS)
  K4,6                       n=10   nodes=40  non-vacuous=0   BRANCH-INV=Y  OFFBR-INV=Y   (no non-vacuous node — VACUOUS)

>>> no witness skipped
